# README.md
PythonRepo
Find Repo...

Script Crack Facebook Elite ðŸš¶â€â™‚

Yumasaa
 Last update: Jan 2, 2022
Related tags
Security related resources elite
Overview
elite
Script Crack Facebook Elite ðŸš¶â€â™‚

Install Script
$ pkg update && pkg upgrade

$ termux-setup-storage

$ pkg install git

$ pkg install python

$ pip install requests

$ pip install mechanize

$ pip install bs4

$ pip install futures

$ git clone https://github.com/YumasaaTzy/elite

Run Script
$ cd elite

$ python el1te.py

In Script


User Agent Mempercepat+Memperbanyak Crack
$ Mozilla/5.0 (Macintosh; Intel Mac OS X 10.9; rv:24.0) Gecko/20100101 Firefox/24.0

In Script Check Opsi Crack


Thanks To Friends
$ Fais Gans

$ HikmatTzy

$ YogzzTzy

$ AlverdoTzy

$ Mbokey Bhizer

Owner
Yumasaa
Perecode Handal ðŸƒâ€â™‚
Yumasaa
Dapunta Multi Brute Force Facebook - Crack Facebook With Login - Free
âœ­ DMBF CRACK Dibuat Dengan â¤ï¸ Oleh Dapunta Author: - Dapunta Khurayra X â‡¨ Fitur Login [âœ¯] Login Token â‡¨ Fitur Crack [âœ¯] Crack Dari Teman, Public,

Dapunta ID  4  Dec 26, 2021
Script Crack Facebook Premium ðŸš¶â€â™‚
prem Script Crack Facebook Premium ??â€â™‚ Install Script $ pkg update && pkg update $ termux-setup-storage $ pkg install git $ pkg install python $ pip

Yumasaa  1  Dec 3, 2021
Script Crack Facebook Premium ðŸš¶â€â™‚
premium Script Crack Facebook Premium ??â€â™‚ In Script Install Script $ pkg update && pkg upgrade $ termux-setup-storage $ pkg install python $ pkg inst

Yumasaa  2  Dec 19, 2021
Script Crack Facebook Yang Kaya Akan Teh Hijau ðŸš¶â€â™‚
r-mbf Script Crack Facebook ??â€â™‚ Bukti Recode [â€¢] Install Script $ pkg update && pkg upgrade $ pkg install python $ pkg install git $ pip install requ

O'Hayo Smrn  2  Dec 18, 2021
Tool crack Facebook. Multi Bruteforce Publik
Cow3 Tool crack Facebook. Multi Bruteforce Publik keunggulan 1. Tampilan lebih bagus Dibandingkan versi cow sebelumnya tampilan yang cow3 jauh lebih b

Muhammad Latif Harkat  1  Jan 7, 2022
Cracker - Tools CRACK FACEBOOK DAN INSTAGRAM DENGAN FITUR BANYAK
CLOME TO TOOLS ME ?? FITUR TOOLS RESULTS INSTALASI ____/--> INSTALLASI /+/+/+/ t

Jeeck X Nano  3  Jan 8, 2022
Facebook account cloning/hacking advanced tool + dictionary attack added | Facebook automation tool
loggef Facebook automation tool, Facebook account hacking and cloning advanced tool + dictionary attack added Warning Use this tool for educational pu

Md Josif Khan  3  Jan 4, 2022
Crack-rar is a python3 script which is created for bruteforcing or cracking of rar password protected files in your termina with a top speed engine and cracking of password protected zip files
Crack-rar Crack-rar is a python3 script which is created for bruteforcing or cracking of rar password protected files in your termina with a top speed

AnonyminHack5  10  Dec 28, 2021
A python base script from which you can hack or clone any person's facebook friendlist or followers accounts which have simple password
Hcoder This is a python base script from which you can hack or clone any person's facebook friendlist or followers accounts which have simple password

Muhammad Hamza  3  Dec 6, 2021
SEBUAH TOOLS TERMUX CRACK AKUN FF HOMKI AKUN EPEP DAH SATU FOLLOW AE YA BROO AWOKWOK
print " INSTALL TOOLS " $ pkg update && upgrade $ pkg install python2 $ pkg install git $ pip2 install lolcat $ pip2 install bs4 $ pip2 install reques

Jeeck  2  Nov 29, 2021
Phishing-Crack tools to punish friends
Phishing-Crack Phishing Tool Version 1.0.0 Created By temirovazat A Phishing Tool With PHP and Python3 Features Fake Instagram Phishing Page Fake Face

null  3  Nov 16, 2021
Tools Crack Fb Terbaru
Tools Crack Fb Terbaru

Jeeck  12  Jan 6, 2022
Crack a locked pdf by dictionary attack.
PDF-Bruteforce It is a bruteforce dictionary at a protected pdf. wordlist.txt is the dictionary file and you can edit the file. The file location a na

Rithin Lehan  2  Dec 13, 2021
You can crack any zip file and get the password.
Zip-Cracker Video Lesson : This is a Very powerfull Zip File Crack tool for termux users. Check 500 000 Passwords in 30 seconds Unique Performance Che

Razor Kenway  1  Jan 9, 2022
A tool to crack a wifi password with a help of wordlist
A tool to crack a wifi password with a help of wordlist. This may take long to crack a wifi depending upon number of passwords your wordlist contains. Also it is slower as compared to social media accounts cracking. I've made enough efforts to make it as fast as possible

Saad  1  Jan 11, 2022
NEW FACEBOOK CLONER WITH NEW PASSWORD, TERMUX FB CLONE, FB CLONING COMMAND. M
NEW FACEBOOK CLONER WITH NEW PASSWORD, TERMUX FB CLONE, FB CLONING COMMAND. M

Mr. Error  17  Jan 4, 2022
Facebook bruteforce tool
Facebook-BruteForce Bruteforce attack for Facebook Account

null  1  Jan 5, 2022
A brute Force tool for Facebook
EliBruter A brute Force tool for Facebook Installing this tool --> $ pkg upgrade && update $ pkg install python $ pkg install python3 $ pkg install gi

Eli Hacks   2  Dec 14, 2021
Facebook Fast Cracking Tool With Python
Pro-Crack Facebook Fast Cracking Tool This is a multi-passwordâ€Œ cracking tool that can help you hack facebook accounts very quickly Installation On Te

ReD H4CkeR  3  Dec 31, 2021

2021.PythonRepo

